V ==K ( ( int , int , .Types ) pair , .Types ) list
