V ==K ( ( int , ( int , .Types ) wrapper , .Types ) pair , ( int , int , .Types ) pair , .Types ) pair
