V ==K Pair ( Pair ( 1 , Wrapper ( 2 , .Exps ) , .Exps ) , Pair ( 3 , 4 , .Vals ) , .Vals )
