<T>
  <k>
    print ( "Input two numbers: " , .AExps ) ; ~> int x , y , .Ids ; ~> x = read ( ) ; ~> y = read ( ) ; ~> print ( "Their sum is: " , x + y , "\n" , .AExps ) ;
  </k>
  <env>
    .Map
  </env>
  <store>
    .Map
  </store>
</T>
