<T>
  <k>
    print ( "Add numbers up to (<= 0 to quit)? " , .AExps ) ; ~> n = read ( ) ; ~> if ( n <= 0 ) { halt ; } else { s = 0 ; while ( ! n <= 0 ) { s = s + n ; n = n + - 1 ; } print ( "Sum = " , s , "\n" , .AExps ) ; } ~> while ( true ) { print ( "Add numbers up to (<= 0 to quit)? " , .AExps ) ; n = read ( ) ; if ( n <= 0 ) { halt ; } else { s = 0 ; while ( ! n <= 0 ) { s = s + n ; n = n + - 1 ; } print ( "Sum = " , s , "\n" , .AExps ) ; } }
  </k>
  <env>
    n |-> 1
    s |-> 2
  </env>
  <store>
    1 |-> 0
    2 |-> 0
  </store>
</T>
